INFO:test:scrapper started
INFO:test:scrapped: What's worse than being ugly?
INFO:test:0 : upvote=11.0k  level=0 
 Don’t really know but I’m sure a I’ve got it covered
INFO:test:1 : upvote=10.3k  level=0 
 I once heard some dude say, "Nobody should be allowed to be an asshole, ugly and poor. Pick two, at most."
INFO:test:2 : upvote=15.2k  level=0 
 Being dumb and ugly. ask me how I know
INFO:test:3 : upvote=23.5k  level=0 
 smelly.
INFO:test:4 : upvote=3.4k  level=0 
 Throat cancer
INFO:test:5 : upvote=1.5k  level=0 
 Being poor and Ugly with a lack of social skills. Aka the formula to die single.
and
INFO:test:6 : upvote=991  level=0 
 Being terminally ill
INFO:test:7 : upvote=6.1k  level=0 
 Bein chronically ill or disabled i think
INFO:test:8 : upvote=4.3k  level=0 
 Feeling ugly
Edit: hey, thanks. Hopefully you don't feel ugly, but know that I understand.
INFO:test:generating voice...
INFO:test:scrapper started
INFO:test:scrapped: What's worse than being ugly?
INFO:test:0 : upvote=11.0k  level=0 
 Don’t really know but I’m sure a I’ve got it covered
INFO:test:1 : upvote=10.3k  level=0 
 I once heard some dude say, "Nobody should be allowed to be an asshole, ugly and poor. Pick two, at most."
INFO:test:2 : upvote=15.2k  level=0 
 Being dumb and ugly. ask me how I know
INFO:test:3 : upvote=23.5k  level=0 
 smelly.
INFO:test:4 : upvote=3.4k  level=0 
 Throat cancer
INFO:test:5 : upvote=1.5k  level=0 
 Being poor and Ugly with a lack of social skills. Aka the formula to die single.
and
INFO:test:6 : upvote=984  level=0 
 Being terminally ill
INFO:test:7 : upvote=6.1k  level=0 
 Bein chronically ill or disabled i think
INFO:test:generating voice...
INFO:test:scrapper started
INFO:test:scrapped: What's worse than being ugly?
INFO:test:0 : upvote=11.0k  level=0 
 Don’t really know but I’m sure a I’ve got it covered
INFO:test:1 : upvote=10.3k  level=0 
 I once heard some dude say, "Nobody should be allowed to be an asshole, ugly and poor. Pick two, at most."
INFO:test:2 : upvote=15.2k  level=0 
 Being dumb and ugly. ask me how I know
INFO:test:3 : upvote=23.5k  level=0 
 smelly.
INFO:test:4 : upvote=3.4k  level=0 
 Throat cancer
INFO:test:5 : upvote=1.6k  level=0 
 Being poor and Ugly with a lack of social skills. Aka the formula to die single.
and
INFO:test:6 : upvote=990  level=0 
 Being terminally ill
INFO:test:7 : upvote=6.1k  level=0 
 Bein chronically ill or disabled i think
INFO:test:8 : upvote=4.3k  level=0 
 Feeling ugly
Edit: hey, thanks. Hopefully you don't feel ugly, but know that I understand.
INFO:test:generating voice...
INFO:test:scrapper started
INFO:test:scrapped: What's worse than being ugly?
INFO:test:0 : upvote=11.1k  level=0 
 Don’t really know but I’m sure a I’ve got it covered
INFO:test:1 : upvote=10.3k  level=0 
 I once heard some dude say, "Nobody should be allowed to be an asshole, ugly and poor. Pick two, at most."
INFO:test:2 : upvote=15.2k  level=0 
 Being dumb and ugly. ask me how I know
INFO:test:3 : upvote=23.5k  level=0 
 smelly.
INFO:test:4 : upvote=3.4k  level=0 
 Throat cancer
INFO:test:5 : upvote=1.6k  level=0 
 Being poor and Ugly with a lack of social skills. Aka the formula to die single.
and
INFO:test:6 : upvote=6.1k  level=0 
 Bein chronically ill or disabled i think
INFO:test:7 : upvote=1.0k  level=0 
 Being terminally ill
INFO:test:generating voice...
INFO:test:scrapper started
INFO:test:scrapped: What's worse than being ugly?
INFO:test:0 : upvote=11.2k  level=0 
 Don’t really know but I’m sure a I’ve got it covered
INFO:test:1 : upvote=10.4k  level=0 
 I once heard some dude say, "Nobody should be allowed to be an asshole, ugly and poor. Pick two, at most."
INFO:test:2 : upvote=15.3k  level=0 
 Being dumb and ugly. ask me how I know
INFO:test:3 : upvote=23.6k  level=0 
 smelly.
INFO:test:4 : upvote=3.5k  level=0 
 Throat cancer
INFO:test:5 : upvote=1.6k  level=0 
 Being poor and Ugly with a lack of social skills. Aka the formula to die single.
and
INFO:test:6 : upvote=1.0k  level=0 
 Being terminally ill
INFO:test:7 : upvote=6.1k  level=0 
 Bein chronically ill or disabled i think
INFO:test:generating voice...
INFO:test:scrapper started
INFO:test:scrapped: What's worse than being ugly?
INFO:test:0 : upvote=11.2k  level=0 
 Don’t really know but I’m sure a I’ve got it covered
INFO:test:1 : upvote=10.4k  level=0 
 I once heard some dude say, "Nobody should be allowed to be an asshole, ugly and poor. Pick two, at most."
INFO:test:2 : upvote=15.3k  level=0 
 Being dumb and ugly. ask me how I know
INFO:test:3 : upvote=23.6k  level=0 
 smelly.
INFO:test:4 : upvote=3.5k  level=0 
 Throat cancer
INFO:test:5 : upvote=1.6k  level=0 
 Being poor and Ugly with a lack of social skills. Aka the formula to die single.
and
INFO:test:6 : upvote=1.0k  level=0 
 Being terminally ill
INFO:test:7 : upvote=6.1k  level=0 
 Bein chronically ill or disabled i think
INFO:test:generating voice...
INFO:test:scrapper started
INFO:test:scrapped: What's worse than being ugly?
INFO:test:0 : upvote=11.3k  level=0 
 Don’t really know but I’m sure a I’ve got it covered
INFO:test:1 : upvote=10.5k  level=0 
 I once heard some dude say, "Nobody should be allowed to be an asshole, ugly and poor. Pick two, at most."
INFO:test:2 : upvote=15.3k  level=0 
 Being dumb and ugly. ask me how I know
INFO:test:3 : upvote=23.6k  level=0 
 smelly.
INFO:test:4 : upvote=3.5k  level=0 
 Throat cancer
INFO:test:5 : upvote=1.6k  level=0 
 Being poor and Ugly with a lack of social skills. Aka the formula to die single.
and
INFO:test:6 : upvote=1.0k  level=0 
 Being terminally ill
INFO:test:7 : upvote=6.1k  level=0 
 Bein chronically ill or disabled i think
INFO:test:generating voice...
INFO:test:generating text:
Don’t really know but I’m sure a I’ve got it covered
INFO:test:generation complete
INFO:test:generating text:
I once heard some dude say, "Nobody should be allowed to be an asshole, ugly and poor. Pick two, at most."
INFO:test:generation complete
INFO:test:generating text:
Being dumb and ugly. ask me how I know
INFO:test:generation complete
INFO:test:generating text:
smelly.
INFO:test:generation complete
INFO:test:generating text:
Throat cancer
INFO:test:generation complete
INFO:test:generating text:
Being poor and Ugly with a lack of social skills. Aka the formula to die single.
INFO:test:generation complete
INFO:test:generating text:
and
INFO:test:generation complete
INFO:test:generating text:
Being terminally ill
INFO:test:generation complete
INFO:test:generating text:
Bein chronically ill or disabled i think
INFO:test:generation complete
INFO:test:scrapper started
INFO:test:scrapped: What's worse than being ugly?
INFO:test:0 : upvote=12.2k  level=0 
 Don’t really know but I’m sure a I’ve got it covered
INFO:test:1 : upvote=11.2k  level=0 
 I once heard some dude say, "Nobody should be allowed to be an asshole, ugly and poor. Pick two, at most."
INFO:test:2 : upvote=15.8k  level=0 
 Being dumb and ugly. ask me how I know
INFO:test:3 : upvote=24.1k  level=0 
 smelly.
INFO:test:4 : upvote=3.7k  level=0 
 Throat cancer
INFO:test:5 : upvote=1.7k  level=0 
 Being poor and Ugly with a lack of social skills. Aka the formula to die single.
and
INFO:test:6 : upvote=481  level=0 
 Paralyzed
INFO:test:7 : upvote=6.3k  level=0 
 Bein chronically ill or disabled i think
INFO:test:generating voice...
INFO:test:generating text:
Don’t really know but I’m sure a I’ve got it covered
INFO:test:generation complete
INFO:test:generating text:
I once heard some dude say, "Nobody should be allowed to be an asshole, ugly and poor. Pick two, at most."
INFO:test:generation complete
INFO:test:generating text:
Being dumb and ugly. ask me how I know
INFO:test:generation complete
INFO:test:generating text:
smelly.
INFO:test:generation complete
INFO:test:generating text:
Throat cancer
INFO:test:generation complete
INFO:test:generating text:
Being poor and Ugly with a lack of social skills. Aka the formula to die single.
INFO:test:generation complete
INFO:test:generating text:
and
INFO:test:generation complete
INFO:test:generating text:
Paralyzed
INFO:test:generation complete
INFO:test:generating text:
Bein chronically ill or disabled i think
INFO:test:generation complete
INFO:test:scrapper started
INFO:test:scrapped: What were you bullied for?
INFO:test:0 : upvote=8.6k  level=0 
 I was socially awkward. I also was greatly motivated to be liked. I did a lot of shit trying to be liked that in hindsight, made me unliked
INFO:test:1 : upvote=8.4k  level=0 
 Eczema which often affected my face.
INFO:test:2 : upvote=9.7k  level=0 
 I was called a biscuit head, because my head was shaped like a biscuit.
INFO:test:3 : upvote=3.0k  level=0 
 My name
INFO:test:4 : upvote=7.7k  level=0 
 Being the small kid
INFO:test:5 : upvote=18.4k  level=0 
 Being poor...and my mom smoked continuously so being poor and smelly. Kids are brutal.
INFO:test:6 : upvote=7.2k  level=0 
 As a black kid, in a predominantly black area:
Wearing glasses and having braces
Being fat
Being nice
Being smart
Liking Anime
Wanting to be a Pilot (influenced by the Anime I liked the most)
But guess what?
I'm a fucking Pilot now.
INFO:test:7 : upvote=3.3k  level=0 
 Being easy to walk over. :( I had a really hard time asserting myself... so being "too nice." But really, just very insecure.
INFO:test:generating video...
INFO:test:generating video What were you bullied for?
INFO:test:scrapper started
INFO:test:scrapped: What were you bullied for?
INFO:test:0 : upvote=8.6k  level=0 
 I was socially awkward. I also was greatly motivated to be liked. I did a lot of shit trying to be liked that in hindsight, made me unliked
INFO:test:1 : upvote=8.4k  level=0 
 Eczema which often affected my face.
INFO:test:2 : upvote=9.7k  level=0 
 I was called a biscuit head, because my head was shaped like a biscuit.
INFO:test:3 : upvote=3.0k  level=0 
 My name
INFO:test:4 : upvote=7.7k  level=0 
 Being the small kid
INFO:test:5 : upvote=18.5k  level=0 
 Being poor...and my mom smoked continuously so being poor and smelly. Kids are brutal.
INFO:test:6 : upvote=7.2k  level=0 
 As a black kid, in a predominantly black area:
Wearing glasses and having braces
Being fat
Being nice
Being smart
Liking Anime
Wanting to be a Pilot (influenced by the Anime I liked the most)
But guess what?
I'm a fucking Pilot now.
INFO:test:7 : upvote=3.3k  level=0 
 Being easy to walk over. :( I had a really hard time asserting myself... so being "too nice." But really, just very insecure.
INFO:test:generating video...
INFO:test:generating video What were you bullied for?
INFO:test:generating textclip:
I was socially awkward. I also was greatly motivated to be liked. I did a lot of shit trying to be liked that in hindsight, made me unliked
INFO:test:generating audioclip:
I was socially awkward. I also was greatly motivated to be liked. I did a lot of shit trying to be liked that in hindsight, made me unliked
INFO:test:scrapper started
INFO:test:scrapped: What were you bullied for?
INFO:test:0 : upvote=8.7k  level=0 
 I was socially awkward. I also was greatly motivated to be liked. I did a lot of shit trying to be liked that in hindsight, made me unliked
INFO:test:1 : upvote=8.4k  level=0 
 Eczema which often affected my face.
INFO:test:2 : upvote=9.7k  level=0 
 I was called a biscuit head, because my head was shaped like a biscuit.
INFO:test:3 : upvote=3.0k  level=0 
 My name
INFO:test:4 : upvote=7.7k  level=0 
 Being the small kid
INFO:test:5 : upvote=18.5k  level=0 
 Being poor...and my mom smoked continuously so being poor and smelly. Kids are brutal.
INFO:test:6 : upvote=7.2k  level=0 
 As a black kid, in a predominantly black area:
Wearing glasses and having braces
Being fat
Being nice
Being smart
Liking Anime
Wanting to be a Pilot (influenced by the Anime I liked the most)
But guess what?
I'm a fucking Pilot now.
INFO:test:7 : upvote=879  level=0 
 For being the quiet kid
INFO:test:8 : upvote=3.3k  level=0 
 Being easy to walk over. :( I had a really hard time asserting myself... so being "too nice." But really, just very insecure.
INFO:test:generating video...
INFO:test:generating video What were you bullied for?
INFO:test:generating textclip:
I was socially awkward. I also was greatly motivated to be liked. I did a lot of shit trying to be liked that in hindsight, made me unliked
INFO:test:generating audioclip:
I was socially awkward. I also was greatly motivated to be liked. I did a lot of shit trying to be liked that in hindsight, made me unliked
INFO:test:scrapper started
INFO:test:scrapped: What were you bullied for?
INFO:test:0 : upvote=8.7k  level=0 
 I was socially awkward. I also was greatly motivated to be liked. I did a lot of shit trying to be liked that in hindsight, made me unliked
INFO:test:1 : upvote=8.4k  level=0 
 Eczema which often affected my face.
INFO:test:2 : upvote=9.7k  level=0 
 I was called a biscuit head, because my head was shaped like a biscuit.
INFO:test:3 : upvote=3.0k  level=0 
 My name
INFO:test:4 : upvote=7.7k  level=0 
 Being the small kid
INFO:test:5 : upvote=18.5k  level=0 
 Being poor...and my mom smoked continuously so being poor and smelly. Kids are brutal.
INFO:test:6 : upvote=7.3k  level=0 
 As a black kid, in a predominantly black area:
Wearing glasses and having braces
Being fat
Being nice
Being smart
Liking Anime
Wanting to be a Pilot (influenced by the Anime I liked the most)
But guess what?
I'm a fucking Pilot now.
INFO:test:7 : upvote=897  level=0 
 For being the quiet kid
INFO:test:8 : upvote=3.3k  level=0 
 Being easy to walk over. :( I had a really hard time asserting myself... so being "too nice." But really, just very insecure.
INFO:test:generating video...
INFO:test:generating video What were you bullied for?
INFO:test:generating textclip:
I was socially awkward. I also was greatly motivated to be liked. I did a lot of shit trying to be liked that in hindsight, made me unliked
INFO:test:generating audioclip:
I was socially awkward. I also was greatly motivated to be liked. I did a lot of shit trying to be liked that in hindsight, made me unliked
INFO:test:generating textclip:
Eczema which often affected my face.
INFO:test:generating audioclip:
Eczema which often affected my face.
INFO:test:generating textclip:
I was called a biscuit head, because my head was shaped like a biscuit.
INFO:test:generating audioclip:
I was called a biscuit head, because my head was shaped like a biscuit.
INFO:test:generating textclip:
My name
INFO:test:generating audioclip:
My name
INFO:test:generating textclip:
Being the small kid
INFO:test:generating audioclip:
Being the small kid
INFO:test:generating textclip:
Being poor...and my mom smoked continuously so being poor and smelly. Kids are brutal.
INFO:test:generating audioclip:
Being poor...and my mom smoked continuously so being poor and smelly. Kids are brutal.
INFO:test:generating textclip:
As a black kid, in a predominantly black area:
INFO:test:generating textclip:
Wearing glasses and having braces
INFO:test:generating textclip:
Being fat
INFO:test:generating textclip:
Being nice
INFO:test:generating textclip:
Being smart
INFO:test:generating textclip:
Liking Anime
INFO:test:generating textclip:
Wanting to be a Pilot (influenced by the Anime I liked the most)
INFO:test:generating textclip:
But guess what?
INFO:test:generating textclip:
I'm a fucking Pilot now.
INFO:test:generating audioclip:
As a black kid, in a predominantly black area:
INFO:test:generating audioclip:
Wearing glasses and having braces
INFO:test:generating audioclip:
Being fat
INFO:test:generating audioclip:
Being nice
INFO:test:generating audioclip:
Being smart
INFO:test:generating audioclip:
Liking Anime
INFO:test:generating audioclip:
Wanting to be a Pilot (influenced by the Anime I liked the most)
INFO:test:generating audioclip:
But guess what?
INFO:test:generating audioclip:
I'm a fucking Pilot now.
INFO:test:generating textclip:
For being the quiet kid
INFO:test:generating audioclip:
For being the quiet kid
INFO:test:generating textclip:
Being easy to walk over. :( I had a really hard time asserting myself... so being "too nice." But really, just very insecure.
INFO:test:generating audioclip:
Being easy to walk over. :( I had a really hard time asserting myself... so being "too nice." But really, just very insecure.
INFO:test:video done What were you bullied for?
INFO:test:scrapper started
INFO:test:scrapped: What were you bullied for?
INFO:test:0 : upvote=9.1k  level=0 
 I was socially awkward. I also was greatly motivated to be liked. I did a lot of shit trying to be liked that in hindsight, made me unliked
INFO:test:1 : upvote=8.5k  level=0 
 Eczema which often affected my face.
INFO:test:2 : upvote=9.9k  level=0 
 I was called a biscuit head, because my head was shaped like a biscuit.
INFO:test:3 : upvote=7.8k  level=0 
 Being the small kid
INFO:test:4 : upvote=18.7k  level=0 
 Being poor...and my mom smoked continuously so being poor and smelly. Kids are brutal.
INFO:test:5 : upvote=3.1k  level=0 
 My name
INFO:test:6 : upvote=7.6k  level=0 
 As a black kid, in a predominantly black area:
Wearing glasses and having braces
Being fat
Being nice
Being smart
Liking Anime
Wanting to be a Pilot (influenced by the Anime I liked the most)
But guess what?
I'm a fucking Pilot now.
INFO:test:7 : upvote=961  level=0 
 For being the quiet kid
INFO:test:8 : upvote=3.4k  level=0 
 Being easy to walk over. :( I had a really hard time asserting myself... so being "too nice." But really, just very insecure.
INFO:test:generating video...
INFO:test:generating video What were you bullied for?
INFO:test:scrapper started
INFO:test:scrapped: What were you bullied for?
INFO:test:0 : upvote=9.1k  level=0 
 I was socially awkward. I also was greatly motivated to be liked. I did a lot of shit trying to be liked that in hindsight, made me unliked
INFO:test:1 : upvote=8.6k  level=0 
 Eczema which often affected my face.
INFO:test:2 : upvote=9.9k  level=0 
 I was called a biscuit head, because my head was shaped like a biscuit.
INFO:test:3 : upvote=7.8k  level=0 
 Being the small kid
INFO:test:4 : upvote=18.7k  level=0 
 Being poor...and my mom smoked continuously so being poor and smelly. Kids are brutal.
INFO:test:5 : upvote=3.1k  level=0 
 My name
INFO:test:6 : upvote=957  level=0 
 For being the quiet kid
INFO:test:7 : upvote=7.6k  level=0 
 As a black kid, in a predominantly black area:
Wearing glasses and having braces
Being fat
Being nice
Being smart
Liking Anime
Wanting to be a Pilot (influenced by the Anime I liked the most)
But guess what?
I'm a fucking Pilot now.
INFO:test:8 : upvote=3.4k  level=0 
 Being easy to walk over. :( I had a really hard time asserting myself... so being "too nice." But really, just very insecure.
INFO:test:generating video...
INFO:test:generating video What were you bullied for?
INFO:test:scrapper started
INFO:test:scrapped: What were you bullied for?
INFO:test:0 : upvote=9.1k  level=0 
 I was socially awkward. I also was greatly motivated to be liked. I did a lot of shit trying to be liked that in hindsight, made me unliked
INFO:test:1 : upvote=8.6k  level=0 
 Eczema which often affected my face.
INFO:test:2 : upvote=9.9k  level=0 
 I was called a biscuit head, because my head was shaped like a biscuit.
INFO:test:3 : upvote=7.8k  level=0 
 Being the small kid
INFO:test:4 : upvote=18.7k  level=0 
 Being poor...and my mom smoked continuously so being poor and smelly. Kids are brutal.
INFO:test:5 : upvote=3.1k  level=0 
 My name
INFO:test:6 : upvote=969  level=0 
 For being the quiet kid
INFO:test:7 : upvote=7.7k  level=0 
 As a black kid, in a predominantly black area:
Wearing glasses and having braces
Being fat
Being nice
Being smart
Liking Anime
Wanting to be a Pilot (influenced by the Anime I liked the most)
But guess what?
I'm a fucking Pilot now.
INFO:test:8 : upvote=3.4k  level=0 
 Being easy to walk over. :( I had a really hard time asserting myself... so being "too nice." But really, just very insecure.
INFO:test:generating video...
INFO:test:generating video What were you bullied for?
INFO:test:scrapper started
INFO:test:scrapped: What were you bullied for?
INFO:test:0 : upvote=9.1k  level=0 
 I was socially awkward. I also was greatly motivated to be liked. I did a lot of shit trying to be liked that in hindsight, made me unliked
INFO:test:1 : upvote=8.6k  level=0 
 Eczema which often affected my face.
INFO:test:2 : upvote=9.9k  level=0 
 I was called a biscuit head, because my head was shaped like a biscuit.
INFO:test:3 : upvote=7.9k  level=0 
 Being the small kid
INFO:test:4 : upvote=18.7k  level=0 
 Being poor...and my mom smoked continuously so being poor and smelly. Kids are brutal.
INFO:test:5 : upvote=3.1k  level=0 
 My name
INFO:test:6 : upvote=967  level=0 
 For being the quiet kid
INFO:test:7 : upvote=7.7k  level=0 
 As a black kid, in a predominantly black area:
Wearing glasses and having braces
Being fat
Being nice
Being smart
Liking Anime
Wanting to be a Pilot (influenced by the Anime I liked the most)
But guess what?
I'm a fucking Pilot now.
INFO:test:8 : upvote=3.4k  level=0 
 Being easy to walk over. :( I had a really hard time asserting myself... so being "too nice." But really, just very insecure.
INFO:test:generating video...
INFO:test:generating video What were you bullied for?
INFO:test:generating textclip:
I was socially awkward. I also was greatly motivated to be liked. I did a lot of shit trying to be liked that in hindsight, made me unliked
INFO:test:generating audioclip:
I was socially awkward. I also was greatly motivated to be liked. I did a lot of shit trying to be liked that in hindsight, made me unliked
INFO:test:generating textclip:
Eczema which often affected my face.
INFO:test:generating audioclip:
Eczema which often affected my face.
INFO:test:generating textclip:
I was called a biscuit head, because my head was shaped like a biscuit.
INFO:test:generating audioclip:
I was called a biscuit head, because my head was shaped like a biscuit.
INFO:test:generating textclip:
Being the small kid
INFO:test:generating audioclip:
Being the small kid
INFO:test:generating textclip:
Being poor...and my mom smoked continuously so being poor and smelly. Kids are brutal.
INFO:test:generating audioclip:
Being poor...and my mom smoked continuously so being poor and smelly. Kids are brutal.
INFO:test:generating textclip:
My name
INFO:test:generating audioclip:
My name
INFO:test:generating textclip:
For being the quiet kid
INFO:test:generating audioclip:
For being the quiet kid
INFO:test:generating textclip:
As a black kid, in a predominantly black area:
INFO:test:generating textclip:
Wearing glasses and having braces
INFO:test:generating textclip:
Being fat
INFO:test:generating textclip:
Being nice
INFO:test:generating textclip:
Being smart
INFO:test:generating textclip:
Liking Anime
INFO:test:generating textclip:
Wanting to be a Pilot (influenced by the Anime I liked the most)
INFO:test:generating textclip:
But guess what?
INFO:test:generating textclip:
I'm a fucking Pilot now.
INFO:test:generating audioclip:
As a black kid, in a predominantly black area:
INFO:test:generating audioclip:
Wearing glasses and having braces
INFO:test:generating audioclip:
Being fat
INFO:test:generating audioclip:
Being nice
INFO:test:generating audioclip:
Being smart
INFO:test:generating audioclip:
Liking Anime
INFO:test:generating audioclip:
Wanting to be a Pilot (influenced by the Anime I liked the most)
INFO:test:generating audioclip:
But guess what?
INFO:test:generating audioclip:
I'm a fucking Pilot now.
INFO:test:generating textclip:
Being easy to walk over. :( I had a really hard time asserting myself... so being "too nice." But really, just very insecure.
INFO:test:generating audioclip:
Being easy to walk over. :( I had a really hard time asserting myself... so being "too nice." But really, just very insecure.
INFO:test:video done What were you bullied for?
INFO:test:scrapper started
INFO:test:scrapped: What were you bullied for?
INFO:test:0 : upvote=9.2k  level=0 
 I was socially awkward. I also was greatly motivated to be liked. I did a lot of shit trying to be liked that in hindsight, made me unliked
INFO:test:1 : upvote=8.6k  level=0 
 Eczema which often affected my face.
INFO:test:2 : upvote=10.0k  level=0 
 I was called a biscuit head, because my head was shaped like a biscuit.
INFO:test:3 : upvote=7.9k  level=0 
 Being the small kid
INFO:test:4 : upvote=18.8k  level=0 
 Being poor...and my mom smoked continuously so being poor and smelly. Kids are brutal.
INFO:test:5 : upvote=3.1k  level=0 
 My name
INFO:test:6 : upvote=987  level=0 
 For being the quiet kid
INFO:test:7 : upvote=7.8k  level=0 
 As a black kid, in a predominantly black area:
Wearing glasses and having braces
Being fat
Being nice
Being smart
Liking Anime
Wanting to be a Pilot (influenced by the Anime I liked the most)
But guess what?
I'm a fucking Pilot now.
INFO:test:8 : upvote=3.4k  level=0 
 Being easy to walk over. :( I had a really hard time asserting myself... so being "too nice." But really, just very insecure.
INFO:test:generating video...
INFO:test:generating video What were you bullied for?
INFO:test:generating textclip:
I was socially awkward. I also was greatly motivated to be liked. I did a lot of shit trying to be liked that in hindsight, made me unliked
INFO:test:generating audioclip:
I was socially awkward. I also was greatly motivated to be liked. I did a lot of shit trying to be liked that in hindsight, made me unliked
INFO:test:generating textclip:
Eczema which often affected my face.
INFO:test:generating audioclip:
Eczema which often affected my face.
INFO:test:generating textclip:
I was called a biscuit head, because my head was shaped like a biscuit.
INFO:test:generating audioclip:
I was called a biscuit head, because my head was shaped like a biscuit.
INFO:test:generating textclip:
Being the small kid
INFO:test:generating audioclip:
Being the small kid
INFO:test:generating textclip:
Being poor...and my mom smoked continuously so being poor and smelly. Kids are brutal.
INFO:test:generating audioclip:
Being poor...and my mom smoked continuously so being poor and smelly. Kids are brutal.
INFO:test:generating textclip:
My name
INFO:test:generating audioclip:
My name
INFO:test:generating textclip:
For being the quiet kid
INFO:test:generating audioclip:
For being the quiet kid
INFO:test:generating textclip:
As a black kid, in a predominantly black area:
INFO:test:generating textclip:
Wearing glasses and having braces
INFO:test:generating textclip:
Being fat
INFO:test:generating textclip:
Being nice
INFO:test:generating textclip:
Being smart
INFO:test:generating textclip:
Liking Anime
INFO:test:generating textclip:
Wanting to be a Pilot (influenced by the Anime I liked the most)
INFO:test:generating textclip:
But guess what?
INFO:test:generating textclip:
I'm a fucking Pilot now.
INFO:test:generating audioclip:
As a black kid, in a predominantly black area:
INFO:test:generating audioclip:
Wearing glasses and having braces
INFO:test:generating audioclip:
Being fat
INFO:test:generating audioclip:
Being nice
INFO:test:generating audioclip:
Being smart
INFO:test:generating audioclip:
Liking Anime
INFO:test:generating audioclip:
Wanting to be a Pilot (influenced by the Anime I liked the most)
INFO:test:generating audioclip:
But guess what?
INFO:test:generating audioclip:
I'm a fucking Pilot now.
INFO:test:generating textclip:
Being easy to walk over. :( I had a really hard time asserting myself... so being "too nice." But really, just very insecure.
INFO:test:generating audioclip:
Being easy to walk over. :( I had a really hard time asserting myself... so being "too nice." But really, just very insecure.
INFO:test:video done What were you bullied for?
INFO:test:scrapper started
INFO:test:scrapped: What were you bullied for?
INFO:test:0 : upvote=9.3k  level=0 
 I was socially awkward. I also was greatly motivated to be liked. I did a lot of shit trying to be liked that in hindsight, made me unliked
INFO:test:1 : upvote=8.6k  level=0 
 Eczema which often affected my face.
INFO:test:2 : upvote=10.0k  level=0 
 I was called a biscuit head, because my head was shaped like a biscuit.
INFO:test:3 : upvote=7.9k  level=0 
 Being the small kid
INFO:test:4 : upvote=18.8k  level=0 
 Being poor...and my mom smoked continuously so being poor and smelly. Kids are brutal.
INFO:test:5 : upvote=3.1k  level=0 
 My name
INFO:test:6 : upvote=1.0k  level=0 
 For being the quiet kid
INFO:test:7 : upvote=7.8k  level=0 
 As a black kid, in a predominantly black area:
Wearing glasses and having braces
Being fat
Being nice
Being smart
Liking Anime
Wanting to be a Pilot (influenced by the Anime I liked the most)
But guess what?
I'm a fucking Pilot now.
INFO:test:8 : upvote=3.4k  level=0 
 Being easy to walk over. :( I had a really hard time asserting myself... so being "too nice." But really, just very insecure.
INFO:test:generating video...
INFO:test:generating video What were you bullied for?
INFO:test:generating textclip:
I was socially awkward. I also was greatly motivated to be liked. I did a lot of shit trying to be liked that in hindsight, made me unliked
INFO:test:generating audioclip:
I was socially awkward. I also was greatly motivated to be liked. I did a lot of shit trying to be liked that in hindsight, made me unliked
INFO:test:generating textclip:
Eczema which often affected my face.
INFO:test:generating audioclip:
Eczema which often affected my face.
INFO:test:generating textclip:
I was called a biscuit head, because my head was shaped like a biscuit.
INFO:test:generating audioclip:
I was called a biscuit head, because my head was shaped like a biscuit.
INFO:test:generating textclip:
Being the small kid
INFO:test:generating audioclip:
Being the small kid
INFO:test:generating textclip:
Being poor...and my mom smoked continuously so being poor and smelly. Kids are brutal.
INFO:test:generating audioclip:
Being poor...and my mom smoked continuously so being poor and smelly. Kids are brutal.
INFO:test:generating textclip:
My name
INFO:test:generating audioclip:
My name
INFO:test:generating textclip:
For being the quiet kid
INFO:test:generating audioclip:
For being the quiet kid
INFO:test:generating textclip:
As a black kid, in a predominantly black area:
INFO:test:generating textclip:
Wearing glasses and having braces
INFO:test:generating textclip:
Being fat
INFO:test:generating textclip:
Being nice
INFO:test:generating textclip:
Being smart
INFO:test:generating textclip:
Liking Anime
INFO:test:generating textclip:
Wanting to be a Pilot (influenced by the Anime I liked the most)
INFO:test:generating textclip:
But guess what?
INFO:test:generating textclip:
I'm a fucking Pilot now.
INFO:test:generating audioclip:
As a black kid, in a predominantly black area:
INFO:test:generating audioclip:
Wearing glasses and having braces
INFO:test:generating audioclip:
Being fat
INFO:test:generating audioclip:
Being nice
INFO:test:generating audioclip:
Being smart
INFO:test:generating audioclip:
Liking Anime
INFO:test:generating audioclip:
Wanting to be a Pilot (influenced by the Anime I liked the most)
INFO:test:generating audioclip:
But guess what?
INFO:test:generating audioclip:
I'm a fucking Pilot now.
INFO:test:generating textclip:
Being easy to walk over. :( I had a really hard time asserting myself... so being "too nice." But really, just very insecure.
INFO:test:generating audioclip:
Being easy to walk over. :( I had a really hard time asserting myself... so being "too nice." But really, just very insecure.
INFO:test:video done What were you bullied for?
INFO:test:scrapper started
INFO:test:no post for 
INFO:test:scrapper started
INFO:test:no post for 
INFO:test:no post for _1poyrkZ7g36PawDueRza-J _11R7M_VOgKO1RJyRSRErT3 
INFO:test:scrapper started
INFO:test:no post for 
INFO:test:no post for _1poyrkZ7g36PawDueRza-J _11R7M_VOgKO1RJyRSRErT3 
INFO:test:no post for STit0dLageRsa2yR4te_b
INFO:test:no post for _1ixsU4oQRnNfZ91jhBU74y
